// Jest Snapshot v1, https://goo.gl/fbAQLP

exports[`interface from namespace 1`] = `
Map {
  "test/out/file" => Array [
    "/**
 * @param {Electron:RequestOptions} options
 * @param {Error} error
 * @param {module:publish-api.VersionInfo} info
 * @param {\\"foo\\" | \\"bar\\"} name
 */
function foo() {}
/**
 * @returns {boolean}
 */
function bool() {}
/**
 * @returns {number}
 */
function num() {}
",
  ],
}
`;
